{:node => :program, :expressions => [{:node => :assign, :line => 1, :target => {:node => :var, :line => 1, :name => "value"}, :value => {:node => :type_ascription, :line => 1, :expression => {:node => :int, :line => 1, :value => 42, :raw => "42"}, :type_hint => "i64"}, :type_hint => nil}, {:node => :call, :line => 2, :receiver => nil, :name => "puts", :args => [{:node => :var, :line => 2, :name => "value"}], :block => nil, :col => 1}]}
